MySQL Shell 8.0.38

Copyright (c) 2016, 2024, Oracle and/or its affiliates.
Oracle is a registered trademark of Oracle Corporation and/or its affiliates.
Other names may be trademarks of their respective owners.

Type '\help' or '\?' for help; '\quit' to exit.
 MySQL  JS > \sql
Switching to SQL mode... Commands end with ;
 MySQL  SQL > \connect mc-- root@localhost
Creating a session to 'root@localhost'
Fetching global names for auto-completion... Press ^C to stop.
Your MySQL connection id is 19 (X protocol)
Server version: 8.0.39 MySQL Community Server - GPL
No default schema selected; type \use <schema> to set one.
 MySQL  localhost:33060+ ssl  SQL > use tbd_e2
Default schema set to `tbd_e2`.
Fetching global names, object names from `tbd_e2` for auto-completion... Press ^C to stop.
 MySQL  localhost:33060+ ssl  tbd_e2  SQL > select * from factura
                                         -> ;
+-------+-----------+
| folio | idCliente |
+-------+-----------+
|     2 |         2 |
|     3 |         2 |
|     5 |         2 |
|     7 |         2 |
|     8 |         5 |
+-------+-----------+
5 rows in set (0.0010 sec)
 MySQL  localhost:33060+ ssl  tbd_e2  SQL > select * from cliente;
+----+--------+-----------+---------------+
| id | nombre | apellidos | rfc           |
+----+--------+-----------+---------------+
|  1 | Juan   | Perez     | pexj03729OL9  |
|  2 | Ana    | Montes    | MOXA020303YD8 |
+----+--------+-----------+---------------+
2 rows in set (0.0020 sec)
 MySQL  localhost:33060+ ssl  tbd_e2  SQL > show create table factura;
+---------+------------------------------------------------------------------------------------------------------------------------------------------------------------------------------------------------------------------------------------------+
| Table   | Create Table


                 |
+---------+------------------------------------------------------------------------------------------------------------------------------------------------------------------------------------------------------------------------------------------+
| factura | CREATE TABLE `factura` (
  `folio` int NOT NULL AUTO_INCREMENT,
  `idCliente` int NOT NULL,
  PRIMARY KEY (`folio`),
  KEY `idCliente` (`idCliente`)
) ENGINE=InnoDB AUTO_INCREMENT=9 DEFAULT CHARSET=utf8mb4 COLLATE=utf8mb4_0900_ai_ci |
+---------+------------------------------------------------------------------------------------------------------------------------------------------------------------------------------------------------------------------------------------------+
1 row in set (0.0010 sec)
 MySQL  localhost:33060+ ssl  tbd_e2  SQL > alter table factura add constraint foreign key (idcliente) REFERENCES cliente(id);
ERROR: 1452: Cannot add or update a child row: a foreign key constraint fails (`tbd_e2`.`#sql-6450_13`, CONSTRAINT `factura_ibfk_1` FOREIGN KEY (`idCliente`) REFERENCES `cliente` (`id`))
 MySQL  localhost:33060+ ssl  tbd_e2  SQL > select * from factura ;
+-------+-----------+
| folio | idCliente |
+-------+-----------+
|     2 |         2 |
|     3 |         2 |
|     5 |         2 |
|     7 |         2 |
|     8 |         5 |
+-------+-----------+
5 rows in set (0.0008 sec)
 MySQL  localhost:33060+ ssl  tbd_e2  SQL > delete from factura where idcliente = 5;
Query OK, 1 row affected (0.0115 sec)
 MySQL  localhost:33060+ ssl  tbd_e2  SQL > select * from factura ;
+-------+-----------+
| folio | idCliente |
+-------+-----------+
|     2 |         2 |
|     3 |         2 |
|     5 |         2 |
|     7 |         2 |
+-------+-----------+
4 rows in set (0.0007 sec)
 MySQL  localhost:33060+ ssl  tbd_e2  SQL > alter table factura add constraint foreign key (idcliente) references cliente(id);
Query OK, 4 rows affected (0.1040 sec)

Records: 4  Duplicates: 0  Warnings: 0
 MySQL  localhost:33060+ ssl  tbd_e2  SQL > show create table factura;
+---------+-------------------------------------------------------------------------------------------------------------------------------------------------------------------------------------------------------------------------------------------------------------------------------------------------------------------------------+
| Table   | Create Table



                          |
+---------+-------------------------------------------------------------------------------------------------------------------------------------------------------------------------------------------------------------------------------------------------------------------------------------------------------------------------------+
| factura | CREATE TABLE `factura` (
  `folio` int NOT NULL AUTO_INCREMENT,
  `idCliente` int NOT NULL,
  PRIMARY KEY (`folio`),
  KEY `idCliente` (`idCliente`),
  CONSTRAINT `factura_ibfk_1` FOREIGN KEY (`idCliente`) REFERENCES `cliente` (`id`)
) ENGINE=InnoDB AUTO_INCREMENT=9 DEFAULT CHARSET=utf8mb4 COLLATE=utf8mb4_0900_ai_ci |
+---------+-------------------------------------------------------------------------------------------------------------------------------------------------------------------------------------------------------------------------------------------------------------------------------------------------------------------------------+
1 row in set (0.0010 sec)
 MySQL  localhost:33060+ ssl  tbd_e2  SQL > alter table drop CONSTRAINT factura_ibfk_1;
ERROR: 1064: You have an error in your SQL syntax; check the manual that corresponds to your MySQL server version for the right syntax to use near 'drop CONSTRAINT factura_ibfk_1' at line 1
 MySQL  localhost:33060+ ssl  tbd_e2  SQL > alter table drop constraint factura_ibfk_1;
ERROR: 1064: You have an error in your SQL syntax; check the manual that corresponds to your MySQL server version for the right syntax to use near 'drop constraint factura_ibfk_1' at line 1
 MySQL  localhost:33060+ ssl  tbd_e2  SQL > alter table factura drop constraint factura_ibfk_1;
Query OK, 0 rows affected (0.0177 sec)

Records: 0  Duplicates: 0  Warnings: 0
 MySQL  localhost:33060+ ssl  tbd_e2  SQL > show create table factura;
+---------+------------------------------------------------------------------------------------------------------------------------------------------------------------------------------------------------------------------------------------------+
| Table   | Create Table


                 |
+---------+------------------------------------------------------------------------------------------------------------------------------------------------------------------------------------------------------------------------------------------+
| factura | CREATE TABLE `factura` (
  `folio` int NOT NULL AUTO_INCREMENT,
  `idCliente` int NOT NULL,
  PRIMARY KEY (`folio`),
  KEY `idCliente` (`idCliente`)
) ENGINE=InnoDB AUTO_INCREMENT=9 DEFAULT CHARSET=utf8mb4 COLLATE=utf8mb4_0900_ai_ci |
+---------+------------------------------------------------------------------------------------------------------------------------------------------------------------------------------------------------------------------------------------------+
1 row in set (0.0007 sec)
 MySQL  localhost:33060+ ssl  tbd_e2  SQL > alter table factura add constraint foreign key (idcliente) references cliente(id) on delete RESTRICT on UPDATE RESTRICT;
Query OK, 4 rows affected (0.0961 sec)

Records: 4  Duplicates: 0  Warnings: 0
 MySQL  localhost:33060+ ssl  tbd_e2  SQL > show create table factura;
+---------+---------------------------------------------------------------------------------------------------------------------------------------------------------------------------------------------------------------------------------------------------------------------------------------------------------------------------------------------------------------------+
| Table   | Create Table



                                                                |
+---------+---------------------------------------------------------------------------------------------------------------------------------------------------------------------------------------------------------------------------------------------------------------------------------------------------------------------------------------------------------------------+
| factura | CREATE TABLE `factura` (
  `folio` int NOT NULL AUTO_INCREMENT,
  `idCliente` int NOT NULL,
  PRIMARY KEY (`folio`),
  KEY `idCliente` (`idCliente`),
  CONSTRAINT `factura_ibfk_1` FOREIGN KEY (`idCliente`) REFERENCES `cliente` (`id`) ON DELETE RESTRICT ON UPDATE RESTRICT
) ENGINE=InnoDB AUTO_INCREMENT=9 DEFAULT CHARSET=utf8mb4 COLLATE=utf8mb4_0900_ai_ci |
+---------+---------------------------------------------------------------------------------------------------------------------------------------------------------------------------------------------------------------------------------------------------------------------------------------------------------------------------------------------------------------------+
1 row in set (0.0009 sec)
 MySQL  localhost:33060+ ssl  tbd_e2  SQL > select * from factura ;
+-------+-----------+
| folio | idCliente |
+-------+-----------+
|     2 |         2 |
|     3 |         2 |
|     5 |         2 |
|     7 |         2 |
+-------+-----------+
4 rows in set (0.0009 sec)
 MySQL  localhost:33060+ ssl  tbd_e2  SQL > select * from cliente;
+----+--------+-----------+---------------+
| id | nombre | apellidos | rfc           |
+----+--------+-----------+---------------+
|  1 | Juan   | Perez     | pexj03729OL9  |
|  2 | Ana    | Montes    | MOXA020303YD8 |
+----+--------+-----------+---------------+
2 rows in set (0.0018 sec)
 MySQL  localhost:33060+ ssl  tbd_e2  SQL > delete from cliente where id = 2;
ERROR: 1451: Cannot delete or update a parent row: a foreign key constraint fails (`tbd_e2`.`factura`, CONSTRAINT `factura_ibfk_1` FOREIGN KEY (`idCliente`) REFERENCES `cliente` (`id`) ON DELETE RESTRICT ON UPDATE RESTRICT)
 MySQL  localhost:33060+ ssl  tbd_e2  SQL > alter table factura drop constraint factura_ibfk_1;
Query OK, 0 rows affected (0.0165 sec)

Records: 0  Duplicates: 0  Warnings: 0
 MySQL  localhost:33060+ ssl  tbd_e2  SQL > alter table factura
                                         -> add constraint foreign key (idcliente) references cliente(id) on delete CASCADE on UPDATE CASCADE;
Query OK, 4 rows affected (0.1171 sec)

Records: 4  Duplicates: 0  Warnings: 0
 MySQL  localhost:33060+ ssl  tbd_e2  SQL > UPDATE cliente SET id = 5 where id = 2;
Query OK, 1 row affected (0.0106 sec)

Rows matched: 1  Changed: 1  Warnings: 0
 MySQL  localhost:33060+ ssl  tbd_e2  SQL > select * from cliente;
+----+--------+-----------+---------------+
| id | nombre | apellidos | rfc           |
+----+--------+-----------+---------------+
|  1 | Juan   | Perez     | pexj03729OL9  |
|  5 | Ana    | Montes    | MOXA020303YD8 |
+----+--------+-----------+---------------+
2 rows in set (0.0008 sec)
 MySQL  localhost:33060+ ssl  tbd_e2  SQL > select * from factura ;
+-------+-----------+
| folio | idCliente |
+-------+-----------+
|     2 |         5 |
|     3 |         5 |
|     5 |         5 |
|     7 |         5 |
+-------+-----------+
4 rows in set (0.0006 sec)
 MySQL  localhost:33060+ ssl  tbd_e2  SQL > DELETE from cliente;
Query OK, 2 rows affected (0.0095 sec)
 MySQL  localhost:33060+ ssl  tbd_e2  SQL > SELECT * from cliente;
Empty set (0.0008 sec)
 MySQL  localhost:33060+ ssl  tbd_e2  SQL > SELECT * from factura;
Empty set (0.0008 sec)
 MySQL  localhost:33060+ ssl  tbd_e2  SQL > show create table factura;
+---------+-------------------------------------------------------------------------------------------------------------------------------------------------------------------------------------------------------------------------------------------------------------------------------------------------------------------------------------------------------------------+
| Table   | Create Table



                                                              |
+---------+-------------------------------------------------------------------------------------------------------------------------------------------------------------------------------------------------------------------------------------------------------------------------------------------------------------------------------------------------------------------+
| factura | CREATE TABLE `factura` (
  `folio` int NOT NULL AUTO_INCREMENT,
  `idCliente` int NOT NULL,
  PRIMARY KEY (`folio`),
  KEY `idCliente` (`idCliente`),
  CONSTRAINT `factura_ibfk_1` FOREIGN KEY (`idCliente`) REFERENCES `cliente` (`id`) ON DELETE CASCADE ON UPDATE CASCADE
) ENGINE=InnoDB AUTO_INCREMENT=9 DEFAULT CHARSET=utf8mb4 COLLATE=utf8mb4_0900_ai_ci |
+---------+-------------------------------------------------------------------------------------------------------------------------------------------------------------------------------------------------------------------------------------------------------------------------------------------------------------------------------------------------------------------+
1 row in set (0.0009 sec)
 MySQL  localhost:33060+ ssl  tbd_e2  SQL > alter table factura drop constraint factura_ibfk_1;
Query OK, 0 rows affected (0.0168 sec)

Records: 0  Duplicates: 0  Warnings: 0
 MySQL  localhost:33060+ ssl  tbd_e2  SQL > desc cliente;
+-----------+-------------+------+-----+---------+----------------+
| Field     | Type        | Null | Key | Default | Extra          |
+-----------+-------------+------+-----+---------+----------------+
| id        | int         | NO   | PRI | NULL    | auto_increment |
| nombre    | varchar(50) | NO   |     | NULL    |                |
| apellidos | varchar(50) | NO   |     | NULL    |                |
| rfc       | varchar(13) | NO   |     | NULL    |                |
+-----------+-------------+------+-----+---------+----------------+
4 rows in set (0.0032 sec)
 MySQL  localhost:33060+ ssl  tbd_e2  SQL > insert into  factura(idcliente) values (6), (6), (7), (7), (7);
Query OK, 5 rows affected (0.0094 sec)

Records: 5  Duplicates: 0  Warnings: 0
 MySQL  localhost:33060+ ssl  tbd_e2  SQL > SELECT * from factura;
+-------+-----------+
| folio | idCliente |
+-------+-----------+
|     9 |         6 |
|    10 |         6 |
|    11 |         7 |
|    12 |         7 |
|    13 |         7 |
+-------+-----------+
5 rows in set (0.0006 sec)
 MySQL  localhost:33060+ ssl  tbd_e2  SQL > desc factura;
+-----------+------+------+-----+---------+----------------+
| Field     | Type | Null | Key | Default | Extra          |
+-----------+------+------+-----+---------+----------------+
| folio     | int  | NO   | PRI | NULL    | auto_increment |
| idCliente | int  | NO   | MUL | NULL    |                |
+-----------+------+------+-----+---------+----------------+
2 rows in set (0.0021 sec)
MySQL  localhost:33060+ ssl  tbd_e2  SQL > UPDATE cliente set id =4 where id =6;
Query OK, 0 rows affected (0.0008 sec)

Rows matched: 0  Changed: 0  Warnings: 0
 MySQL  localhost:33060+ ssl  tbd_e2  SQL > desc cliente;
+-----------+-------------+------+-----+---------+----------------+
| Field     | Type        | Null | Key | Default | Extra          |
+-----------+-------------+------+-----+---------+----------------+
| id        | int         | NO   | PRI | NULL    | auto_increment |
| nombre    | varchar(50) | NO   |     | NULL    |                |
| apellidos | varchar(50) | NO   |     | NULL    |                |
| rfc       | varchar(13) | NO   |     | NULL    |                |
+-----------+-------------+------+-----+---------+----------------+
4 rows in set (0.0022 sec)
 MySQL  localhost:33060+ ssl  tbd_e2  SQL > ALTER TABLE factura
                                       -> DROP CONSTRAINT factura_ibfk_1;
Query OK, 0 rows affected (0.0350 sec)

Records: 0  Duplicates: 0  Warnings: 0
 MySQL  localhost:33060+ ssl  tbd_e2  SQL > ALTER TABLE factura
                                       -> ADD CONSTRAINT FOREIGN KEY(idcliente)
                                       -> REFERENCES cliente(id)
                                       -> on UPDATE CASCADE
                                       -> on DELETE CASCADE;
Query OK, 5 rows affected (0.1163 sec)

Records: 5  Duplicates: 0  Warnings: 0
 MySQL  localhost:33060+ ssl  tbd_e2  SQL >